MPASM  5.51                      MORSE10F.ASM   6-10-2026  18:30:43         PAGE  1


LOC  OBJECT CODE     LINE SOURCE TEXT
  VALUE

                      00001 ; version PIC10F222-compatible
                      00002 ; cleaned up for Hackaday
                      00003 ; (C) 2010-2018 Yann Guidon whygee@f-cpu.org
                      00004 ; Released under CC-ND-NC
                      00005 
                      00006         TITLE       "morse10F200"
                      00007         SUBTITLE    "version 22march2026"
                      00008 
                      00009         LIST        P=10F200
                      00010         INCLUDE     "p10f200.inc"
                      00001         LIST
                      00002 
                      00003 ;==========================================================================
                      00004 ;  MPASM PIC10F200 processor include
                      00005 ; 
                      00006 ;  (c) Copyright 1999-2013 Microchip Technology, All rights reserved
                      00007 ;==========================================================================
                      00008 
                      00151         LIST
                      00011         RADIX       DEC
                      00012 
                      00013 #define _A  2 | ((2)<<3)
                      00014 #define _B  4 | ((1)<<3)
                      00015 #define _C  4 | ((1+4)<<3)
                      00016 #define _D  3 | ((1)<<3)
                      00017 #define _E  1 | ((0)<<3)
                      00018 #define _F  4 | ((4)<<3)
                      00019 #define _G  4 | ((1+2)<<3)
                      00020 #define _H  4 | ((0)<<3)
                      00021 #define _I  2 | ((0)<<3)
                      00022 #define _J  4 | ((2+4+8)<<3)
                      00023 #define _K  3 | ((1+4)<<3)
                      00024 #define _L  4 | ((2)<<3)
                      00025 #define _M  2 | ((1+2)<<3)
                      00026 #define _N  2 | ((1)<<3)
                      00027 #define _O  3 | ((1+2+4)<<3)
                      00028 #define _P  4 | ((2+4)<<3)
                      00029 #define _Q  4 | ((1+2+8)<<3)
                      00030 #define _R  3 | ((2)<<3)
                      00031 #define _S  3 | ((0)<<3)
                      00032 #define _T  1 | ((1)<<3)
                      00033 #define _U  3 | ((4)<<3)
                      00034 #define _V  4 | ((8)<<3)
                      00035 #define _W  3 | ((2+4)<<3)
                      00036 #define _X  4 | ((1+8)<<3)
                      00037 #define _Y  4 | ((1+4+8)<<3)
                      00038 #define _Z  4 | ((1+2)<<3)
                      00039 
                      00040 #define _Agrave  5 | ((2+4+16)<<3)  ; à
                      00041 #define _Ccedil  5 | ((1+4)<<3)     ; ç
                      00042 #define _CH      4 | ((1+2+4+8)<<3) ; ch
                      00043 #define _Egrave  5 | ((2+16)<<3)    ; è
                      00044 #define _Eaigu   5 | ((4)<<3)       ; é
MPASM  5.51                      MORSE10F.ASM   6-10-2026  18:30:43         PAGE  2
morse10F200
version 22march2026
LOC  OBJECT CODE     LINE SOURCE TEXT
  VALUE

                      00045 #define _egal    5 | ((1+16)<<3)    ; =
                      00046 #define _fract   5 | ((1+8)<<3)     ;  /
                      00047 #define _exclam  5 | ((4+8)<<3)     ; !
                      00048 #define _AR      5 | ((2+8)<<3)     ; stop / end of message
                      00049 #define _AS      5 | ((2)<<3)       ; wait
                      00050 #define _BT      5 | ((1+16)<<3)    ; separaration
                      00051 
                      00052 
                      00053 #define _1  5 | ((2+4+8+16)<<3)
                      00054 #define _2  5 | ((4+8+16)<<3)
                      00055 #define _3  5 | ((8+16)<<3)
                      00056 #define _4  5 | ((16)<<3)
                      00057 #define _5  5 | ((0)<<3)
                      00058 #define _6  5 | ((1)<<3)
                      00059 #define _7  5 | ((1+2)<<3)
                      00060 #define _8  5 | ((1+2+4)<<3)
                      00061 #define _9  5 | ((1+2+4+8)<<3)
                      00062 #define _0  5 | ((1+2+4+8+16)<<3)
                      00063 
                      00064 #define __  0
                      00065 
                      00066         ; check this !
0FFF   0FE0           00067         __config   0x0FE8 &_CP_ON ; _MCLRE_ON & _CP_ON & _WDT_OFF
                      00068 
                      00069         ; bit 0 : 0 = 4MHz
                      00070         ; bit 1 : 0 = MCPU : pull-up enabled
                      00071         ; bit 2 : 0 = WDT disable
                      00072         ; bit 3 : 1 = Copy Protection Off
                      00073         ; bit 4 : 0 = MCLRE=I/O
                      00074 
                      00075         cblock 0x10 ; compatible with all PIC10F2xx
  00000010            00076           ONE   ; constant 1
  00000011            00077           cpt1  ; waiting/counters
  00000012            00078           cpt2
  00000013            00079           reg   ; current character
  00000014            00080           len   ; number of tics
  00000015            00081           index ; character counter
                      00082         endc
                      00083 
                      00084 #define MORSE_OUT   2           ; GP1 = data (select your pin)
                      00085 #define MORSE_ON   (~MORSE_OUT) ; data out, enable the LED
                      00086 #define MORSE_OFF  (-1)         ; disable data out
                      00087 
0000                  00088         org         0
0000                  00089 debut:
                      00090         ; init output port
                      00091 
0000   0066           00092         clrf GPIO ; Tie LED to +3V, PIC=low-side
                      00093 
                      00094         ; for the 10F22x : clrf ADCON0
                      00095 ;mit41301               clrf 7
                      00096 ;mit41301       clrf CMCON0
                      00097 
MPASM  5.51                      MORSE10F.ASM   6-10-2026  18:30:43         PAGE  3
morse10F200
version 22march2026
LOC  OBJECT CODE     LINE SOURCE TEXT
  VALUE

0001   0C01           00098         movlw 1 ; init the constant
0002   0030           00099         movwf ONE
                      00100 
                      00101         ; prescaler max, assigned to TMR0
                      00102         ; no pull-up or wake up
0003   0CC7           00103         movlw 0xC7 ; 1100 0 111
0004   0002           00104         option
                      00105 
                      00106         ; short wait
0005   0926           00107         call espace
0006   0926           00108         call espace
                      00109 
0007                  00110 rebouclage:
0007   0075           00111         clrf index;
                      00112 
0008                  00113 endless:
0008   093A           00114         call texte ; read the next char.
0009   0033           00115         movwf reg ; save the char
000A   02B5           00116         incf index,f ; increment the char counter
                      00117 
                      00118 ; structure of the 3 LSB in reg :
                      00119 ; 0 : space between words
                      00120 ; 1-5 : 5 bits to decode, in MSB
                      00121 ; 6,7 : not used
                      00122 
                      00123 ;************** check if space : **************
000B   0233           00124         movf reg, f
000C   0743           00125         btfss STATUS, Z
000D   0A13           00126         goto nospace
                      00127 
                      00128 ; space between words :
                      00129 ;       movlw 5-1 ; 1 tic already done
                      00130 ;       call wait
000E   0926           00131         call espace
000F   0926           00132         call espace
0010   0926           00133         call espace
0011   0926           00134         call espace
                      00135 
0012   0A08           00136         goto endless
                      00137 
                      00138 ;************** decode the letters: **************
0013                  00139 nospace:
                      00140 
                      00141 ; copy the 3LSB of reg into len (counter of tics)
0013   0213           00142         movfw reg
0014   0E07           00143         andlw 7
0015   0034           00144         movwf len
                      00145 
                      00146 ; preshift MSB
0016   0333           00147         rrf reg, f
0017   0333           00148         rrf reg, f
0018   0333           00149         rrf reg, f
                      00150 
MPASM  5.51                      MORSE10F.ASM   6-10-2026  18:30:43         PAGE  4
morse10F200
version 22march2026
LOC  OBJECT CODE     LINE SOURCE TEXT
  VALUE

0019                  00151 loop_tic:
                      00152 ; LED ON
0019   0CFD           00153           movlw MORSE_ON
001A   0006           00154           tris GPIO
                      00155 
                      00156 ; decode : dash or dot ?
001B   0C01           00157           movlw 1 ; default : dot = 1 tic
001C   0333           00158           rrf reg, f ; get a new bit
001D   0603           00159           btfsc STATUS, C ; if it's a dot, keep the default tic count
001E   0F02           00160           xorlw 2 ; 3 tics if dash
001F   092D           00161           call wait
                      00162 
                      00163 ; space between two tics:
0020   0926           00164           call espace
                      00165 
                      00166 ; reloop
0021   02F4           00167         decfsz len, f
0022   0A19           00168         goto loop_tic
                      00169 
                      00170 ; space between 2 letters :
                      00171 ;        movlw 3-1 ; 1 tic already done
                      00172 ;        call wait
0023   0926           00173         call espace
0024   0926           00174         call espace
                      00175 
0025   0A08           00176         goto endless
                      00177 
                      00178 
                      00179 #define ratio (2<<4) ; hint : cf swapf for sub-unit wait
0026                  00180 espace:
                      00181 ; turn off
0026   0CFF           00182         movlw MORSE_OFF
0027   0006           00183         tris GPIO
                      00184 
                      00185         ; relic from a different version
0028   0C20           00186         movlw ratio
0029   092D           00187         call wait
002A   0CE0           00188         movlw 256-ratio
002B   092D           00189         call wait
                      00190 
                      00191 ;mit4301        return
002C   0800           00192                 RETLW 0
                      00193 
                      00194 ;--------------------------------------------
                      00195 ;  wait for a given number of tics in W
                      00196 ;--------------------------------------------
                      00197 
002D   0032           00198 wait:   movwf cpt2
002E   03B2           00199         swapf cpt2,f ; x16
                      00200 
002F   0CC8           00201 wait1:  movlw 200 ; 1 tic
0030   0031           00202         movwf cpt1
                      00203 
MPASM  5.51                      MORSE10F.ASM   6-10-2026  18:30:43         PAGE  5
morse10F200
version 22march2026
LOC  OBJECT CODE     LINE SOURCE TEXT
  VALUE

                      00204 ; 4*1us*250=1ms :
0031   0CFA           00205 wait2:    movlw 250
                      00206 ;Delays 4w cycles (0=256)
0032   01D0           00207 wait3:      addwf ONE,w
0033   0743           00208                     btfss STATUS, Z 
0034   0A32           00209                     goto wait3
                      00210 
0035   02F1           00211           decfsz cpt1,f
0036   0A31           00212           goto wait2
                      00213 
0037   02F2           00214         decfsz cpt2,f
0038   0A2F           00215         goto wait1
                      00216 ;mit41301        return
0039   0800           00217                 RETLW 0
                      00218 
                      00219 
003A   0215           00220 texte:  movfw index
003B   01E2           00221         addwf PCL,f
                      00222 ; 193  chars. max.
                      00223 
                      00224         include "test.txt.inc"
003C   082C           00001         retlw _C
003D   0801           00002         retlw _E
003E   082C           00003         retlw _C
003F   0802           00004         retlw _I
0040   0800           00005         retlw __
0041   0801           00006         retlw _E
0042   0803           00007         retlw _S
0043   0809           00008         retlw _T
0044   0800           00009         retlw __
0045   0823           00010         retlw _U
0046   080A           00011         retlw _N
0047   0800           00012         retlw __
0048   0801           00013         retlw _E
0049   0803           00014         retlw _S
004A   0803           00015         retlw _S
004B   0812           00016         retlw _A
004C   0802           00017         retlw _I
004D   0800           00018         retlw __
004E   08F5           00019         retlw _1
004F   0800           00020         retlw __
0050   08E5           00021         retlw _2
0051   0800           00022         retlw __
0052   08C5           00023         retlw _3
0053   0800           00024         retlw __
0054   0885           00025         retlw _4
0055   0800           00026         retlw __
0056   0805           00027         retlw _5
0057   0800           00028         retlw __
0058   080D           00029         retlw _6
0059   0800           00030         retlw __
005A   081D           00031         retlw _7
005B   0800           00032         retlw __
MPASM  5.51                      MORSE10F.ASM   6-10-2026  18:30:43         PAGE  6
morse10F200
version 22march2026
LOC  OBJECT CODE     LINE SOURCE TEXT
  VALUE

005C   083D           00033         retlw _8
005D   0800           00034         retlw __
005E   087D           00035         retlw _9
                      00225 
005F   0800           00226         retlw __
0060   0800           00227         retlw __
0061   0800           00228         retlw __
0062   0800           00229         retlw __
                      00230 
0063   0A07           00231         goto rebouclage ; mega hack ! *wink*
                      00232          ; (side effect : stack is saturated...)
                      00233     end
MPASM  5.51                      MORSE10F.ASM   6-10-2026  18:30:43         PAGE  7
morse10F200
version 22march2026
SYMBOL TABLE
  LABEL                             VALUE 

C                                 00000000
CAL0                              00000001
CAL1                              00000002
CAL2                              00000003
CAL3                              00000004
CAL4                              00000005
CAL5                              00000006
CAL6                              00000007
DC                                00000001
F                                 00000001
FOSC4                             00000000
FSR                               00000004
GP0                               00000000
GP1                               00000001
GP2                               00000002
GP3                               00000003
GPIO                              00000006
GPWUF                             00000007
INDF                              00000000
MORSE_OFF                         (-1)
MORSE_ON                          (~MORSE_OUT)
MORSE_OUT                         2
NOT_GPPU                          00000006
NOT_GPWU                          00000007
NOT_PD                            00000003
NOT_TO                            00000004
ONE                               00000010
OSCCAL                            00000005
PCL                               00000002
PS0                               00000000
PS1                               00000001
PS2                               00000002
PSA                               00000003
STATUS                            00000003
T0CS                              00000005
T0SE                              00000004
TMR0                              00000001
TRISIO0                           00000000
TRISIO1                           00000001
TRISIO2                           00000002
TRISIO3                           00000003
W                                 00000000
Z                                 00000002
_1                                5 | ((2+4+8+16)<<3)
_2                                5 | ((4+8+16)<<3)
_3                                5 | ((8+16)<<3)
_4                                5 | ((16)<<3)
_5                                5 | ((0)<<3)
_6                                5 | ((1)<<3)
_7                                5 | ((1+2)<<3)
_8                                5 | ((1+2+4)<<3)
_9                                5 | ((1+2+4+8)<<3)
_A                                2 | ((2)<<3)
MPASM  5.51                      MORSE10F.ASM   6-10-2026  18:30:43         PAGE  8
morse10F200
version 22march2026
SYMBOL TABLE
  LABEL                             VALUE 

_AR                               5 | ((2+8)<<3)
_AS                               5 | ((2)<<3)
_Agrave                           5 | ((2+4+16)<<3)
_B                                4 | ((1)<<3)
_BT                               5 | ((1+16)<<3)
_C                                4 | ((1+4)<<3)
_CH                               4 | ((1+2+4+8)<<3)
_CONFIG                           00000FFF
_CP_OFF                           00000FFF
_CP_ON                            00000FF7
_Ccedil                           5 | ((1+4)<<3)
_D                                3 | ((1)<<3)
_E                                1 | ((0)<<3)
_Eaigu                            5 | ((4)<<3)
_Egrave                           5 | ((2+16)<<3)
_F                                4 | ((4)<<3)
_G                                4 | ((1+2)<<3)
_H                                4 | ((0)<<3)
_I                                2 | ((0)<<3)
_IDLOC0                           00000100
_IDLOC1                           00000101
_IDLOC2                           00000102
_IDLOC3                           00000103
_IntRC_OSC                        00000FFF
_J                                4 | ((2+4+8)<<3)
_K                                3 | ((1+4)<<3)
_L                                4 | ((2)<<3)
_M                                2 | ((1+2)<<3)
_MCLRE_OFF                        00000FEF
_MCLRE_ON                         00000FFF
_N                                2 | ((1)<<3)
_O                                3 | ((1+2+4)<<3)
_OSC_IntRC                        00000FFF
_P                                4 | ((2+4)<<3)
_Q                                4 | ((1+2+8)<<3)
_R                                3 | ((2)<<3)
_S                                3 | ((0)<<3)
_T                                1 | ((1)<<3)
_U                                3 | ((4)<<3)
_V                                4 | ((8)<<3)
_W                                3 | ((2+4)<<3)
_WDTE_OFF                         00000FFB
_WDTE_ON                          00000FFF
_WDT_OFF                          00000FFB
_WDT_ON                           00000FFF
_X                                4 | ((1+8)<<3)
_Y                                4 | ((1+4+8)<<3)
_Z                                4 | ((1+2)<<3)
__                                0
__10F200                          00000001
__DEBUG                           1
_egal                             5 | ((1+16)<<3)
_exclam                           5 | ((4+8)<<3)
MPASM  5.51                      MORSE10F.ASM   6-10-2026  18:30:43         PAGE  9
morse10F200
version 22march2026
SYMBOL TABLE
  LABEL                             VALUE 

_fract                            5 | ((1+8)<<3)
cpt1                              00000011
cpt2                              00000012
debut                             00000000
endless                           00000008
espace                            00000026
index                             00000015
len                               00000014
loop_tic                          00000019
nospace                           00000013
ratio                             (2<<4)
rebouclage                        00000007
reg                               00000013
texte                             0000003A
wait                              0000002D
wait1                             0000002F
wait2                             00000031
wait3                             00000032


MEMORY USAGE MAP ('X' = Used,  '-' = Unused)

0000 : XXXXXXXXXXXXXXXX XXXXXXXXXXXXXXXX XXXXXXXXXXXXXXXX XXXXXXXXXXXXXXXX
0040 : XXXXXXXXXXXXXXXX XXXXXXXXXXXXXXXX XXXX------------ ----------------
0FC0 : ---------------- ---------------- ---------------- ---------------X

All other memory blocks unused.

Program Memory Words Used:   100
Program Memory Words Free:   156


Errors   :     0
Warnings :     0 reported,     0 suppressed
Messages :     0 reported,     0 suppressed

